// Jest Snapshot v1, https://goo.gl/fbAQLP

exports[`should render correctly 1`] = `
<div>
  <ExpenseForm
    expense={
      Object {
        "amount": 1400,
        "createdAt": -345600000,
        "description": "Rent",
        "id": "2",
        "note": "Yum",
      }
    }
    onSubmit={[Function]}
  />
  <button
    onClick={[Function]}
  >
    Remove
  </button>
</div>
`;
