// Jest Snapshot v1, https://goo.gl/fbAQLP

exports[`should render the dashboard correctly 1`] = `
<div>
  <Connect(ExpensesSummuary) />
  <Connect(ExpenseListFilters) />
  <Connect(ExpenseList) />
</div>
`;
