// Jest Snapshot v1, https://goo.gl/fbAQLP

exports[`Should Render expense list item correctly 1`] = `
<div>
  <h3>
    <Link
      to="/edit/1"
    >
      Gum
    </Link>
  </h3>
  <p>
    $4.00
     -
     
    December 31st, 1969
  </p>
</div>
`;
